// Jest Snapshot v1, https://goo.gl/fbAQLP

exports[`homwpage snapshot 1`] = `
<View
  style={
    {
      "alginItems": "center",
      "backgroundColor": "#D9EBF2",
      "flex": 1,
      "flexDirection": "column",
      "justifyContent": "flex-start",
      "paddingLeft": 10,
      "paddingRight": 10,
      "position": "relative",
    }
  }
>
  <RCTScrollView
    data={[]}
    getItem={[Function]}
    getItemCount={[Function]}
    keyExtractor={[Function]}
    onContentSizeChange={[Function]}
    onLayout={[Function]}
    onMomentumScrollBegin={[Function]}
    onMomentumScrollEnd={[Function]}
    onScroll={[Function]}
    onScrollBeginDrag={[Function]}
    onScrollEndDrag={[Function]}
    removeClippedSubviews={false}
    renderItem={[Function]}
    scrollEventThrottle={50}
    showsVerticalScrollIndicator={false}
    stickyHeaderIndices={[]}
    viewabilityConfigCallbackPairs={[]}
  >
    <View />
  </RCTScrollView>
</View>
`;

exports[`movements page snapshot 1`] = `
<View
  style={
    {
      "alginItems": "center",
      "backgroundColor": "#D9EBF2",
      "flex": 1,
      "flexDirection": "column",
      "justifyContent": "flex-start",
      "paddingLeft": 10,
      "paddingRight": 10,
      "position": "relative",
    }
  }
>
  <RCTScrollView
    data={[]}
    getItem={[Function]}
    getItemCount={[Function]}
    keyExtractor={[Function]}
    onContentSizeChange={[Function]}
    onLayout={[Function]}
    onMomentumScrollBegin={[Function]}
    onMomentumScrollEnd={[Function]}
    onScroll={[Function]}
    onScrollBeginDrag={[Function]}
    onScrollEndDrag={[Function]}
    removeClippedSubviews={false}
    renderItem={[Function]}
    scrollEventThrottle={50}
    showsVerticalScrollIndicator={false}
    stickyHeaderIndices={[]}
    viewabilityConfigCallbackPairs={[]}
  >
    <View />
  </RCTScrollView>
</View>
`;
